// Jest Snapshot v1, https://goo.gl/fbAQLP

exports[`<App /> App component should renders correctly 1`] = `
<div>
  <Header />
  <Container />
  <Ribbon />
</div>
`;
