// Jest Snapshot v1, https://goo.gl/fbAQLP

exports[`<Message /> Message component should renders correctly 1`] = `
<div
  className="toast"
>
  <div
    className="sk-circle"
  >
    <div
      className="sk-circle1 sk-child"
    />
    <div
      className="sk-circle2 sk-child"
    />
    <div
      className="sk-circle3 sk-child"
    />
    <div
      className="sk-circle4 sk-child"
    />
    <div
      className="sk-circle5 sk-child"
    />
    <div
      className="sk-circle6 sk-child"
    />
    <div
      className="sk-circle7 sk-child"
    />
    <div
      className="sk-circle8 sk-child"
    />
    <div
      className="sk-circle9 sk-child"
    />
    <div
      className="sk-circle10 sk-child"
    />
    <div
      className="sk-circle11 sk-child"
    />
    <div
      className="sk-circle12 sk-child"
    />
  </div>
  <span
    className="text"
  >
    Loading...
  </span>
</div>
`;
